\BOOKMARK [0][-]{chapter*.4}{\376\377\000L\001\063\000s\000t\000\040\000v\000a\000n\000\040\000f\000i\000g\000u\000r\000e\000n}{}% 1
\BOOKMARK [0][-]{chapter*.5}{\376\377\000L\001\063\000s\000t\000\040\000v\000a\000n\000\040\000t\000a\000b\000e\000l\000l\000e\000n}{}% 2
\BOOKMARK [0][-]{section*.6}{\376\377\000L\000i\000j\000s\000t\000\040\000v\000a\000n\000\040\000c\000o\000d\000e\000f\000r\000a\000g\000m\000e\000n\000t\000e\000n\000\040}{}% 3
\BOOKMARK [0][-]{chapter.1}{\376\377\000I\000n\000l\000e\000i\000d\000i\000n\000g}{}% 4
\BOOKMARK [1][-]{section.1.1}{\376\377\000P\000r\000o\000b\000l\000e\000e\000m\000s\000t\000e\000l\000l\000i\000n\000g}{chapter.1}% 5
\BOOKMARK [1][-]{section.1.2}{\376\377\000O\000n\000d\000e\000r\000z\000o\000e\000k\000s\000v\000r\000a\000a\000g}{chapter.1}% 6
\BOOKMARK [1][-]{section.1.3}{\376\377\000O\000n\000d\000e\000r\000z\000o\000e\000k\000s\000d\000o\000e\000l\000s\000t\000e\000l\000l\000i\000n\000g}{chapter.1}% 7
\BOOKMARK [1][-]{section.1.4}{\376\377\000S\000c\000o\000p\000e\000\040\000e\000n\000\040\000a\000f\000b\000a\000k\000e\000n\000i\000n\000g}{chapter.1}% 8
\BOOKMARK [1][-]{section.1.5}{\376\377\000O\000p\000z\000e\000t\000\040\000v\000a\000n\000\040\000d\000e\000z\000e\000\040\000b\000a\000c\000h\000e\000l\000o\000r\000p\000r\000o\000e\000f}{chapter.1}% 9
\BOOKMARK [0][-]{chapter.2}{\376\377\000A\000c\000h\000t\000e\000r\000g\000r\000o\000n\000d\000\040\000e\000n\000\040\000b\000e\000g\000r\000i\000p\000p\000e\000n\000k\000a\000d\000e\000r}{}% 10
\BOOKMARK [1][-]{section.2.1}{\376\377\000C\000a\000p\000t\000u\000r\000e\000\040\000T\000h\000e\000\040\000F\000l\000a\000g\000\040\000\050\000C\000T\000F\000\051}{chapter.2}% 11
\BOOKMARK [2][-]{subsection.2.1.1}{\376\377\000T\000y\000p\000e\000s\000\040\000c\000h\000a\000l\000l\000e\000n\000g\000e\000s}{section.2.1}% 12
\BOOKMARK [2][-]{subsection.2.1.2}{\376\377\000D\000e\000p\000l\000o\000y\000m\000e\000n\000t\000\040\000v\000a\000n\000\040\000c\000h\000a\000l\000l\000e\000n\000g\000e\000s\000:\000\040\000s\000t\000a\000t\000i\000s\000c\000h\000\040\000v\000s\000.\000\040\000d\000y\000n\000a\000m\000i\000s\000c\000h}{section.2.1}% 13
\BOOKMARK [2][-]{subsection.2.1.3}{\376\377\000B\000e\000k\000e\000n\000d\000e\000\040\000C\000T\000F\000-\000p\000l\000a\000t\000f\000o\000r\000m\000e\000n}{section.2.1}% 14
\BOOKMARK [1][-]{section.2.2}{\376\377\000C\000T\000F\000d\000\040\000a\000l\000s\000\040\000p\000l\000a\000t\000f\000o\000r\000m}{chapter.2}% 15
\BOOKMARK [2][-]{subsection.2.2.1}{\376\377\000A\000r\000c\000h\000i\000t\000e\000c\000t\000u\000u\000r\000\040\000v\000a\000n\000\040\000C\000T\000F\000d}{section.2.2}% 16
\BOOKMARK [2][-]{subsection.2.2.2}{\376\377\000H\000e\000t\000\040\000p\000l\000u\000g\000i\000n\000-\000s\000y\000s\000t\000e\000e\000m}{section.2.2}% 17
\BOOKMARK [2][-]{subsection.2.2.3}{\376\377\000C\000h\000a\000l\000l\000e\000n\000g\000e\000-\000b\000e\000h\000e\000e\000r\000\040\000e\000n\000\040\000g\000r\000a\000n\000u\000l\000a\000r\000i\000t\000e\000i\000t}{section.2.2}% 18
\BOOKMARK [1][-]{section.2.3}{\376\377\000D\000o\000c\000k\000e\000r\000\040\000e\000n\000\040\000c\000o\000n\000t\000a\000i\000n\000e\000r\000i\000s\000a\000t\000i\000e}{chapter.2}% 19
\BOOKMARK [2][-]{subsection.2.3.1}{\376\377\000W\000a\000t\000\040\000i\000s\000\040\000D\000o\000c\000k\000e\000r\000?}{section.2.3}% 20
\BOOKMARK [2][-]{subsection.2.3.2}{\376\377\000D\000o\000c\000k\000e\000r\000\040\000E\000n\000g\000i\000n\000e\000\040\000A\000P\000I}{section.2.3}% 21
\BOOKMARK [2][-]{subsection.2.3.3}{\376\377\000D\000o\000c\000k\000e\000r\000\040\000S\000D\000K\000\040\000v\000o\000o\000r\000\040\000P\000y\000t\000h\000o\000n}{section.2.3}% 22
\BOOKMARK [2][-]{subsection.2.3.4}{\376\377\000D\000o\000c\000k\000e\000r\000\040\000C\000o\000m\000p\000o\000s\000e}{section.2.3}% 23
\BOOKMARK [2][-]{subsection.2.3.5}{\376\377\000R\000e\000s\000o\000u\000r\000c\000e\000\040\000m\000a\000n\000a\000g\000e\000m\000e\000n\000t}{section.2.3}% 24
\BOOKMARK [2][-]{subsection.2.3.6}{\376\377\000N\000e\000t\000w\000e\000r\000k\000i\000s\000o\000l\000a\000t\000i\000e}{section.2.3}% 25
\BOOKMARK [1][-]{section.2.4}{\376\377\000B\000e\000v\000e\000i\000l\000i\000g\000i\000n\000g\000\040\000v\000a\000n\000\040\000c\000o\000n\000t\000a\000i\000n\000e\000r\000s}{chapter.2}% 26
\BOOKMARK [2][-]{subsection.2.4.1}{\376\377\000B\000e\000v\000e\000i\000l\000i\000g\000i\000n\000g\000s\000r\000i\000s\000i\000c\000o\000'\000s\000\040\000b\000i\000j\000\040\000d\000y\000n\000a\000m\000i\000s\000c\000h\000\040\000a\000a\000n\000m\000a\000k\000e\000n\000\040\000v\000a\000n\000\040\000c\000o\000n\000t\000a\000i\000n\000e\000r\000s}{section.2.4}% 27
\BOOKMARK [2][-]{subsection.2.4.2}{\376\377\000D\000i\000r\000e\000c\000t\000\040\000t\000o\000e\000p\000a\000s\000b\000a\000r\000e\000\040\000b\000a\000s\000i\000s\000m\000a\000a\000t\000r\000e\000g\000e\000l\000e\000n}{section.2.4}% 28
\BOOKMARK [2][-]{subsection.2.4.3}{\376\377\000C\000o\000n\000t\000a\000i\000n\000e\000r\000\040\000e\000s\000c\000a\000p\000e}{section.2.4}% 29
\BOOKMARK [2][-]{subsection.2.4.4}{\376\377\000R\000e\000s\000o\000u\000r\000c\000e\000\040\000e\000x\000h\000a\000u\000s\000t\000i\000o\000n\000\040\000e\000n\000\040\000D\000o\000S\000-\000r\000i\000s\000i\000c\000o\000'\000s}{section.2.4}% 30
\BOOKMARK [1][-]{section.2.5}{\376\377\000L\000o\000a\000d\000\040\000b\000a\000l\000a\000n\000c\000i\000n\000g\000\040\000z\000o\000n\000d\000e\000r\000\040\000K\000u\000b\000e\000r\000n\000e\000t\000e\000s}{chapter.2}% 31
\BOOKMARK [2][-]{subsection.2.5.1}{\376\377\000W\000a\000a\000r\000o\000m\000\040\000g\000e\000e\000n\000\040\000K\000u\000b\000e\000r\000n\000e\000t\000e\000s\000?}{section.2.5}% 32
\BOOKMARK [2][-]{subsection.2.5.2}{\376\377\000A\000l\000t\000e\000r\000n\000a\000t\000i\000e\000v\000e\000n}{section.2.5}% 33
\BOOKMARK [2][-]{subsection.2.5.3}{\376\377\000W\000a\000n\000n\000e\000e\000r\000\040\000i\000s\000\040\000s\000c\000h\000a\000l\000i\000n\000g\000\040\000n\000o\000d\000i\000g\000?}{section.2.5}% 34
\BOOKMARK [0][-]{chapter.3}{\376\377\000M\000e\000t\000h\000o\000d\000o\000l\000o\000g\000i\000e}{}% 35
\BOOKMARK [0][-]{chapter.4}{\376\377\000H\000u\000i\000d\000i\000g\000e\000\040\000s\000i\000t\000u\000a\000t\000i\000e}{}% 36
\BOOKMARK [1][-]{section.4.1}{\376\377\000O\000r\000g\000a\000n\000i\000s\000a\000t\000i\000e\000\040\000v\000a\000n\000\040\000C\000T\000F\000-\000e\000v\000e\000n\000t\000s\000\040\000o\000p\000\040\000e\000i\000g\000e\000n\000\040\000i\000n\000f\000r\000a\000s\000t\000r\000u\000c\000t\000u\000u\000r}{chapter.4}% 37
\BOOKMARK [1][-]{section.4.2}{\376\377\000M\000a\000n\000u\000e\000l\000e\000\040\000c\000o\000n\000t\000a\000i\000n\000e\000r\000\040\000d\000e\000p\000l\000o\000y\000m\000e\000n\000t\000s}{chapter.4}% 38
\BOOKMARK [1][-]{section.4.3}{\376\377\000O\000v\000e\000r\000z\000i\000c\000h\000t\000\040\000v\000a\000n\000\040\000b\000e\000s\000t\000a\000a\000n\000d\000e\000\040\000t\000o\000o\000l\000s\000\040\000e\000n\000\040\000h\000u\000n\000\040\000t\000e\000k\000o\000r\000t\000k\000o\000m\000i\000n\000g\000e\000n}{chapter.4}% 39
\BOOKMARK [1][-]{section.4.4}{\376\377\000C\000o\000n\000c\000l\000u\000s\000i\000e\000:\000\040\000w\000a\000t\000\040\000o\000n\000t\000b\000r\000e\000e\000k\000t\000\040\000e\000r\000?}{chapter.4}% 40
\BOOKMARK [0][-]{chapter.5}{\376\377\000G\000e\000w\000e\000n\000s\000t\000e\000\040\000s\000i\000t\000u\000a\000t\000i\000e}{}% 41
\BOOKMARK [1][-]{section.5.1}{\376\377\000V\000e\000r\000e\000i\000s\000t\000e\000n\000\040\000v\000o\000o\000r\000\040\000d\000e\000\040\000o\000p\000l\000o\000s\000s\000i\000n\000g}{chapter.5}% 42
\BOOKMARK [2][-]{subsection.5.1.1}{\376\377\000F\000u\000n\000c\000t\000i\000o\000n\000e\000l\000e\000\040\000v\000e\000r\000e\000i\000s\000t\000e\000n}{section.5.1}% 43
\BOOKMARK [2][-]{subsection.5.1.2}{\376\377\000N\000i\000e\000t\000-\000f\000u\000n\000c\000t\000i\000o\000n\000e\000l\000e\000\040\000v\000e\000r\000e\000i\000s\000t\000e\000n}{section.5.1}% 44
\BOOKMARK [1][-]{section.5.2}{\376\377\000A\000r\000c\000h\000i\000t\000e\000c\000t\000u\000u\000r\000v\000i\000s\000i\000e}{chapter.5}% 45
\BOOKMARK [2][-]{subsection.5.2.1}{\376\377\000C\000o\000m\000p\000o\000n\000e\000n\000t\000e\000n\000\040\000e\000n\000\040\000v\000e\000r\000a\000n\000t\000w\000o\000o\000r\000d\000e\000l\000i\000j\000k\000h\000e\000d\000e\000n}{section.5.2}% 46
\BOOKMARK [2][-]{subsection.5.2.2}{\376\377\000D\000a\000t\000a\000s\000t\000r\000o\000m\000e\000n\000\040\000o\000p\000\040\000h\000o\000o\000f\000d\000l\000i\000j\000n\000e\000n}{section.5.2}% 47
\BOOKMARK [1][-]{section.5.3}{\376\377\000G\000r\000a\000n\000u\000l\000a\000r\000i\000t\000e\000i\000t\000s\000b\000e\000s\000l\000i\000s\000s\000i\000n\000g\000:\000\040\000c\000o\000n\000t\000a\000i\000n\000e\000r\000\040\000p\000e\000r\000\040\000g\000e\000b\000r\000u\000i\000k\000e\000r\000\040\000o\000f\000\040\000p\000e\000r\000\040\000t\000e\000a\000m}{chapter.5}% 48
\BOOKMARK [1][-]{section.5.4}{\376\377\000S\000c\000h\000a\000a\000l\000b\000a\000a\000r\000h\000e\000i\000d\000s\000v\000e\000r\000e\000i\000s\000t\000e\000n}{chapter.5}% 49
\BOOKMARK [0][-]{chapter.6}{\376\377\000P\000r\000o\000o\000f\000-\000o\000f\000-\000C\000o\000n\000c\000e\000p\000t}{}% 50
\BOOKMARK [1][-]{section.6.1}{\376\377\000A\000r\000c\000h\000i\000t\000e\000c\000t\000u\000u\000r\000o\000v\000e\000r\000z\000i\000c\000h\000t}{chapter.6}% 51
\BOOKMARK [1][-]{section.6.2}{\376\377\000V\000e\000r\000k\000e\000n\000n\000e\000n\000d\000e\000\040\000s\000t\000a\000n\000d\000a\000l\000o\000n\000e\000\040\000P\000o\000C}{chapter.6}% 52
\BOOKMARK [1][-]{section.6.3}{\376\377\000I\000m\000p\000l\000e\000m\000e\000n\000t\000a\000t\000i\000e\000\040\000v\000a\000n\000\040\000d\000e\000\040\000C\000T\000F\000d\000-\000p\000l\000u\000g\000i\000n}{chapter.6}% 53
\BOOKMARK [2][-]{subsection.6.3.1}{\376\377\000C\000u\000s\000t\000o\000m\000\040\000c\000h\000a\000l\000l\000e\000n\000g\000e\000-\000t\000y\000p\000e\000\040\000e\000n\000\040\000c\000o\000n\000f\000i\000g\000u\000r\000a\000t\000i\000e}{section.6.3}% 54
\BOOKMARK [2][-]{subsection.6.3.2}{\376\377\000S\000t\000a\000r\000t\000-\000\040\000e\000n\000\040\000s\000t\000o\000p\000f\000l\000o\000w\000\040\000v\000o\000o\000r\000\040\000d\000e\000e\000l\000n\000e\000m\000e\000r\000s}{section.6.3}% 55
\BOOKMARK [2][-]{subsection.6.3.3}{\376\377\000T\000i\000m\000e\000o\000u\000t\000\040\000c\000l\000e\000a\000n\000u\000p\000\040\000e\000n\000\040\000c\000l\000e\000a\000n\000u\000p\000\040\000b\000i\000j\000\040\000s\000o\000l\000v\000e}{section.6.3}% 56
\BOOKMARK [2][-]{subsection.6.3.4}{\376\377\000A\000d\000m\000i\000n\000i\000s\000t\000r\000a\000t\000i\000e\000v\000e\000\040\000r\000u\000n\000t\000i\000m\000e\000-\000i\000n\000t\000e\000r\000f\000a\000c\000e}{section.6.3}% 57
\BOOKMARK [1][-]{section.6.4}{\376\377\000B\000e\000v\000e\000i\000l\000i\000g\000i\000n\000g\000\040\000i\000n\000\040\000d\000e\000\040\000p\000l\000u\000g\000i\000n\000-\000P\000o\000C}{chapter.6}% 58
\BOOKMARK [1][-]{section.6.5}{\376\377\000D\000e\000p\000l\000o\000y\000m\000e\000n\000t\000-\000\040\000e\000n\000\040\000s\000c\000h\000a\000a\000l\000b\000a\000a\000r\000h\000e\000i\000d\000s\000o\000v\000e\000r\000w\000e\000g\000i\000n\000g\000e\000n}{chapter.6}% 59
\BOOKMARK [0][-]{chapter.7}{\376\377\000V\000a\000l\000i\000d\000a\000t\000i\000e\000\040\000e\000n\000\040\000t\000e\000s\000t\000i\000n\000g}{}% 60
\BOOKMARK [1][-]{section.7.1}{\376\377\000T\000e\000s\000t\000p\000l\000a\000n}{chapter.7}% 61
\BOOKMARK [2][-]{subsection.7.1.1}{\376\377\000D\000o\000e\000l\000s\000t\000e\000l\000l\000i\000n\000g\000e\000n}{section.7.1}% 62
\BOOKMARK [2][-]{subsection.7.1.2}{\376\377\000A\000f\000b\000a\000k\000e\000n\000i\000n\000g}{section.7.1}% 63
\BOOKMARK [1][-]{section.7.2}{\376\377\000P\000r\000e\000-\000v\000a\000l\000i\000d\000a\000t\000i\000e\000\040\000v\000i\000a\000\040\000d\000e\000\040\000s\000t\000a\000n\000d\000a\000l\000o\000n\000e\000\040\000P\000o\000C}{chapter.7}% 64
\BOOKMARK [2][-]{subsection.7.2.1}{\376\377\000G\000e\000a\000u\000t\000o\000m\000a\000t\000i\000s\000e\000e\000r\000d\000e\000\040\000t\000e\000s\000t\000s\000\040\000e\000n\000\040\000A\000P\000I\000-\000v\000a\000l\000i\000d\000a\000t\000i\000e}{section.7.2}% 65
\BOOKMARK [2][-]{subsection.7.2.2}{\376\377\000E\000n\000d\000-\000t\000o\000-\000e\000n\000d\000\040\000s\000m\000o\000k\000e\000\040\000t\000e\000s\000t}{section.7.2}% 66
\BOOKMARK [2][-]{subsection.7.2.3}{\376\377\000T\000i\000m\000e\000o\000u\000t\000,\000\040\000i\000s\000o\000l\000a\000t\000i\000e\000\040\000e\000n\000\040\000r\000e\000s\000o\000u\000r\000c\000e\000b\000e\000p\000e\000r\000k\000i\000n\000g}{section.7.2}% 67
\BOOKMARK [2][-]{subsection.7.2.4}{\376\377\000L\000o\000a\000d\000\040\000s\000n\000a\000p\000s\000h\000o\000t\000\040\000m\000e\000t\000\040\000L\000o\000c\000u\000s\000t}{section.7.2}% 68
\BOOKMARK [1][-]{section.7.3}{\376\377\000V\000a\000l\000i\000d\000a\000t\000i\000e\000\040\000v\000a\000n\000\040\000d\000e\000\040\000C\000T\000F\000d\000-\000p\000l\000u\000g\000i\000n}{chapter.7}% 69
\BOOKMARK [2][-]{subsection.7.3.1}{\376\377\000F\000u\000n\000c\000t\000i\000o\000n\000e\000l\000e\000\040\000e\000n\000d\000-\000t\000o\000-\000e\000n\000d\000\040\000v\000a\000l\000i\000d\000a\000t\000i\000e}{section.7.3}% 70
\BOOKMARK [2][-]{subsection.7.3.2}{\376\377\000W\000a\000t\000\040\000d\000e\000\040\000p\000l\000u\000g\000i\000n\000v\000a\000l\000i\000d\000a\000t\000i\000e\000\040\000l\000a\000a\000t\000\040\000z\000i\000e\000n}{section.7.3}% 71
\BOOKMARK [2][-]{subsection.7.3.3}{\376\377\000W\000a\000t\000\040\000b\000e\000w\000u\000s\000t\000\040\000n\000i\000e\000t\000\040\000a\000l\000s\000\040\000b\000e\000w\000e\000z\000e\000n\000\040\000c\000l\000a\000i\000m\000\040\000w\000o\000r\000d\000t\000\040\000o\000p\000g\000e\000n\000o\000m\000e\000n}{section.7.3}% 72
\BOOKMARK [1][-]{section.7.4}{\376\377\000I\000n\000t\000e\000r\000p\000r\000e\000t\000a\000t\000i\000e\000\040\000v\000a\000n\000\040\000d\000e\000\040\000r\000e\000s\000u\000l\000t\000a\000t\000e\000n}{chapter.7}% 73
\BOOKMARK [0][-]{chapter.8}{\376\377\000C\000o\000n\000c\000l\000u\000s\000i\000e}{}% 74
\BOOKMARK [1][-]{section.8.1}{\376\377\000B\000e\000a\000n\000t\000w\000o\000o\000r\000d\000i\000n\000g\000\040\000v\000a\000n\000\040\000d\000e\000\040\000o\000n\000d\000e\000r\000z\000o\000e\000k\000s\000v\000r\000a\000g\000e\000n}{chapter.8}% 75
\BOOKMARK [1][-]{section.8.2}{\376\377\000B\000e\000p\000e\000r\000k\000i\000n\000g\000e\000n\000\040\000v\000a\000n\000\040\000d\000e\000\040\000P\000o\000C}{chapter.8}% 76
\BOOKMARK [1][-]{section.8.3}{\376\377\000A\000a\000n\000b\000e\000v\000e\000l\000i\000n\000g\000e\000n\000\040\000v\000o\000o\000r\000\040\000p\000r\000o\000d\000u\000c\000t\000i\000e\000g\000e\000b\000r\000u\000i\000k}{chapter.8}% 77
\BOOKMARK [1][-]{section.8.4}{\376\377\000M\000o\000g\000e\000l\000i\000j\000k\000e\000\040\000u\000i\000t\000b\000r\000e\000i\000d\000i\000n\000g\000e\000n}{chapter.8}% 78
\BOOKMARK [0][-]{appendix.A}{\376\377\000O\000n\000d\000e\000r\000z\000o\000e\000k\000s\000v\000o\000o\000r\000s\000t\000e\000l}{}% 79
\BOOKMARK [1][-]{section.A.1}{\376\377\000I\000n\000t\000r\000o\000d\000u\000c\000t\000i\000e}{appendix.A}% 80
\BOOKMARK [2][-]{subsection.A.1.1}{\376\377\000P\000r\000o\000b\000l\000e\000e\000m\000s\000t\000e\000l\000l\000i\000n\000g}{section.A.1}% 81
\BOOKMARK [2][-]{subsection.A.1.2}{\376\377\000O\000n\000d\000e\000r\000z\000o\000e\000k\000s\000v\000r\000a\000a\000g}{section.A.1}% 82
\BOOKMARK [2][-]{subsection.A.1.3}{\376\377\000O\000n\000d\000e\000r\000z\000o\000e\000k\000s\000d\000o\000e\000l\000s\000t\000e\000l\000l\000i\000n\000g}{section.A.1}% 83
\BOOKMARK [1][-]{section.A.2}{\376\377\000S\000t\000a\000t\000e\000-\000o\000f\000-\000t\000h\000e\000-\000a\000r\000t}{appendix.A}% 84
\BOOKMARK [1][-]{section.A.3}{\376\377\000M\000e\000t\000h\000o\000d\000o\000l\000o\000g\000i\000e}{appendix.A}% 85
\BOOKMARK [1][-]{section.A.4}{\376\377\000V\000e\000r\000w\000a\000c\000h\000t\000\040\000r\000e\000s\000u\000l\000t\000a\000a\000t\000,\000\040\000c\000o\000n\000c\000l\000u\000s\000i\000e}{appendix.A}% 86
\BOOKMARK [0][-]{appendix.B}{\376\377\000I\000n\000s\000t\000a\000l\000l\000a\000t\000i\000e\000-\000\040\000e\000n\000\040\000b\000e\000h\000e\000e\000r\000i\000n\000s\000t\000r\000u\000c\000t\000i\000e\000s}{}% 87
\BOOKMARK [0][-]{appendix.C}{\376\377\000C\000o\000n\000f\000i\000g\000u\000r\000a\000t\000i\000e\000b\000e\000s\000t\000a\000n\000d\000e\000n}{}% 88
\BOOKMARK [0][-]{appendix.D}{\376\377\000T\000e\000s\000t\000r\000e\000s\000u\000l\000t\000a\000t\000e\000n\000\040\000i\000n\000\040\000d\000e\000t\000a\000i\000l}{}% 89
\BOOKMARK [0][-]{appendix.E}{\376\377\000O\000n\000d\000e\000r\000z\000o\000e\000k\000s\000l\000o\000g}{}% 90
\BOOKMARK [0][-]{appendix*.8}{\376\377\000B\000i\000b\000l\000i\000o\000g\000r\000a\000f\000i\000e}{}% 91
